// Jest Snapshot v1, https://jestjs.io/docs/snapshot-testing

exports[`validate() — representative output snapshot matches snapshot for a typical dev env (all required set, no tunables) 1`] = `
[
  "# Required",
  "    + MONGO_URI = <redacted>",
  "    + JWT_SECRET = <redacted>",
  "    + JWT_REFRESH_SECRET = <redacted>",
  "    + STRIPE_SK = <redacted>",
  "# Tunables — cache",
  "  . CACHE_TTL_SMART_CATEGORY = default",
  "  . CACHE_TTL_CATEGORIES = default",
  "  . CACHE_TTL_ALL_CATEGORIES = default",
  "  . CACHE_TTL_HOME_PRODUCTS = default",
  "  . CACHE_TTL_LS_INVENTORY = default",
  "  . CACHE_TTL_LS_PRODUCTS = default",
  "  . CACHE_TTL_LS_CATEGORIES = default",
  "  . CACHE_TTL_PRODUCTS_BY_VARIANT = default",
  "  . CACHE_TTL_PRODUCT_TYPE = default",
  "  . CACHE_TTL_MAX_DISCOUNT = default",
  "  . CACHE_TTL_WEBHOOK_DEDUP = default",
  "  . CACHE_TTL_METRICS_COUNTER = default",
  "  . CACHE_TTL_ERROR_LOG = default",
  "# Tunables — auth",
  "  . OTP_EXPIRY_MINUTES = default",
  "  . RESET_TOKEN_EXPIRY_MINUTES = default",
  "  . RECOVERY_RESEND_WINDOW_HOURS = default",
  "  . SESSION_COOKIE_DAYS = default",
  "  . REMEMBER_ME_COOKIE_DAYS = default",
  "  . WEB_COOKIE_DAYS = default",
  "  . JWT_ACCESS_EXPIRY = default",
  "  . JWT_ACCESS_REFRESH_EXPIRY = default",
  "  . JWT_REFRESH_EXPIRY = default",
  "  . JWT_ADMIN_EXPIRY = default",
  "  . JWT_RESET_CODE_EXPIRY = default",
  "# Tunables — rate-limit",
  "  . RATE_LIMIT_AUTH_WINDOW_MINUTES = default",
  "  . RATE_LIMIT_AUTH_MAX = default",
  "  . RATE_LIMIT_PWD_RESET_WINDOW_MINUTES = default",
  "  . RATE_LIMIT_PWD_RESET_MAX = default",
  "# Tunables — order",
  "  . DELIVERY_DAYS = default",
  "  . PENDING_PAYMENT_EXPIRY_MINUTES = default",
  "# Tunables — external",
  "  . NOMOD_TIMEOUT_MS = default",
]
`;
